# import
>>> text_indentation = __import__('5-text_indentation').text_indentation

# simple
>>> text_indentation("hello?")
hello?
<BLANKLINE>

# two strings
>>> text_indentation("hello?" "hi.")
hello?
<BLANKLINE>
hi.
<BLANKLINE>

# no arg
>>> text_indentation()
Traceback (most recent call last):
...
TypeError: text_indentation() missing 1 required positional argument: 'text'

# int
>>> text_indentation(42)
Traceback (most recent call last):
...
TypeError: text must be a string
